{
  "allow_missing_expanded": true,
  "code_commit": "b68dafa968b72519e976f795b7611673c1154a0f",
  "codec_checkpoint": "/data/state_detail_codec_v2/t1/full_20260904_seed20260903/ratio4_state_detail/codec_best.pt",
  "codec_checkpoint_sha256": "ba10c44189cca837430abbd64afce2109a0daf0bda4f05971e0441abb2a5e6df",
  "codec_result": "/data/state_detail_codec_v2/t1/full_20260904_seed20260903/ratio4_state_detail/result.json",
  "codec_result_sha256": "1259299fa1e23f9dfd4915ae95a7cc4fc9dd2f3f4d1683b4adda5d677a2b981c",
  "data_counts": {
    "added_train_systems": 144,
    "base_train_systems": 48,
    "expanded_train_systems": 192,
    "test_systems": 8,
    "train192_clips": 35712,
    "train48_clips": 8928,
    "valid_clips": 1488,
    "valid_systems": 8
  },
  "manifest_content_sha256": "b5d267239d8d2daac166c49973206a833eac15aad148e881777ec219329b0f20",
  "manifest_root": "/workspace/molvid-dit-capacity-data-v1/outputs/dit_capacity_data_v1/data_manifest_20260914",
  "manifest_sha256": "fdb925f3d9845a9ce83af3c4de21e908bc9415056cdffbe575378c3c2e38fb86",
  "materialization_sha256": "874d613cf5646c97ad3357d43aaf947bb585342212dc95f0c2563540992eaa55",
  "run_id": "20260914_capacity_data_v1",
  "schema": "pvb.dit.capacity_data.preflight.v1",
  "source_manifest": "/data4/users/sihao/data/pvb_cross_dataset_20260810/clips/atlas/dt_100ps/manifest.json",
  "source_manifest_proof": {
    "kind": "frozen_nested_manifest",
    "path": "/workspace/PVB_state_detail_t1_worker/outputs/state_detail_codec_v2/t1/manifest_20260904_token80000/manifest.json",
    "recorded_source_manifest_sha256": "36c67ad7c1d0575b3f55805ad63be70c0449dfa440dc26b1e3bfd37fa0c3b0f4",
    "sha256": "88325925b339ef34a421d48b5439bfc869fb1003b9c59e3d7eeac45b62da3d2e"
  },
  "source_manifest_sha256": "36c67ad7c1d0575b3f55805ad63be70c0449dfa440dc26b1e3bfd37fa0c3b0f4",
  "source_root_overrides": {
    "train": "/workspace/PVB_state_detail_t1_worker/outputs/state_detail_codec_v2/t1/manifest_20260904_token80000/clip_store/train",
    "valid": "/workspace/PVB_state_detail_t1_worker/outputs/state_detail_codec_v2/t1/manifest_20260904_token80000/clip_store/valid"
  },
  "statistics": "/data/dit_state_detail_pilot_v1/full_20260908_S4500/ratio4_state_detail/shared/statistics.pt",
  "statistics_file_sha256": "4d07bf53f317a6f2937a027695d2d70993674903d0fcefc1fa49e0482a529583",
  "test_payload_opened": false
}
