{
  "result": {
    "blocked_experiments": {
      "C192": {
        "reason": "expanded192 source is incomplete on this machine: 26784 selected clips are missing",
        "status": "BLOCKED_DATA"
      }
    },
    "budget": {
      "blocked_experiments": {
        "C192": {
          "reason": "expanded192 source is incomplete on this machine: 26784 selected clips are missing",
          "status": "BLOCKED_DATA"
        }
      },
      "budget_frozen_before_results": true,
      "candidate_records": [
        {
          "estimated_training_gpu_seconds": 230720.112179406,
          "estimated_training_wall_seconds": 230720.112179406,
          "fits_reserved_budget": false,
          "fits_reserved_gpu_budget": false,
          "fits_reserved_wall_budget": false,
          "steps": 20000,
          "target_tokens": 1190605600
        },
        {
          "estimated_training_gpu_seconds": 115360.056089703,
          "estimated_training_wall_seconds": 115360.056089703,
          "fits_reserved_budget": false,
          "fits_reserved_gpu_budget": false,
          "fits_reserved_wall_budget": false,
          "steps": 10000,
          "target_tokens": 595031168
        },
        {
          "estimated_training_gpu_seconds": 51912.02524036635,
          "estimated_training_wall_seconds": 51912.02524036635,
          "fits_reserved_budget": true,
          "fits_reserved_gpu_budget": true,
          "fits_reserved_wall_budget": true,
          "steps": 4500,
          "target_tokens": 267988032
        }
      ],
      "estimated_training_gpu_seconds_at_config_target": 230720.112179406,
      "estimated_training_wall_seconds_at_config_target": 230720.112179406,
      "evaluation_reserve_included": true,
      "gpu_hours_total": 32.0,
      "mean_base_batch_tokens": 59530.28,
      "per_experiment_target_step_cap": {
        "C192": 4500,
        "C48": 4500,
        "C48D8": 4500,
        "G48": 4500
      },
      "profile_p90_seconds": {
        "C192": 3.868658720748499,
        "C48": 2.998002093285322,
        "C48D8": 3.0949269765987992,
        "G48": 1.574417818337679
      },
      "reserved_fraction": 0.25,
      "reserved_gpu_seconds": 28800.0,
      "reserved_wall_seconds": 32400.0,
      "schema": "pvb.dit.capacity_data.budget.v1",
      "selected_base_steps": 4500,
      "selected_target_tokens": 267988032,
      "status": "PARTIAL_BUDGET",
      "test_payload_opened": false,
      "token_estimates_at_cap": {
        "C192": {
          "reason": "expanded192 source is incomplete on this machine: 26784 selected clips are missing",
          "status": "BLOCKED_DATA",
          "target_tokens_reserved": 1190605600
        },
        "C48": [
          1190605600,
          59530.28
        ],
        "C48D8": [
          1190605600,
          59530.28
        ],
        "G48": [
          1190605600,
          59530.28
        ]
      },
      "usable_training_gpu_seconds": 86400.0,
      "usable_training_wall_seconds": 97200.0,
      "wall_hours_total": 36.0
    },
    "contract_hash": "92752fb091ed8486f6ffba13fb6f31582986cba2526695aea174fd71a7814faf",
    "profile": {
      "blocked_experiments": {
        "C192": {
          "reason": "expanded192 source is incomplete on this machine: 26784 selected clips are missing",
          "status": "BLOCKED_DATA"
        }
      },
      "device": {
        "amp": "bfloat16",
        "cublas_workspace_config": ":4096:8",
        "cuda_allocator_config": "expandable_segments:True",
        "cuda_runtime": "12.1",
        "deterministic_algorithms": true,
        "device_name": "NVIDIA A100-SXM4-80GB",
        "device_uuid": "65b7cbe8-a24e-f4c7-975e-7a4077cb3fe5",
        "logical_index": 0,
        "requested_device": "cuda:0",
        "tf32": false,
        "torch": "2.5.1+cu121",
        "visible_devices": "0"
      },
      "experiments": {
        "C192": {
          "cost_estimate": "1.25 * maximum measured p90 across available experiments",
          "data_scale": "expanded192",
          "depth": 4,
          "experiment_id": "C192",
          "p90_seconds": 3.868658720748499,
          "reason": "expanded192 source is incomplete on this machine: 26784 selected clips are missing",
          "source_mode": "conditional",
          "status": "BLOCKED_DATA",
          "test_payload_opened": false
        },
        "C48": {
          "data_scale": "base48",
          "depth": 4,
          "experiment_id": "C48",
          "includes": [
            "clip_read",
            "metadata",
            "codec_encode",
            "source_center",
            "H2D",
            "forward",
            "backward",
            "optimizer"
          ],
          "mean_batch_tokens": 68543.2,
          "measured_updates": 20,
          "p50_seconds": 2.929705032147467,
          "p90_seconds": 2.998002093285322,
          "peak_memory_bytes": 68883752448,
          "source_mode": "conditional",
          "test_payload_opened": false,
          "wall_seconds": [
            2.962782026268542,
            2.9960713759064674,
            2.978041752241552,
            2.998002093285322,
            3.0028804587200284,
            2.9951466666534543,
            2.990893512032926,
            2.9856731733307242,
            2.9983303090557456,
            2.6771107967942953,
            2.9142888616770506,
            2.9202928012236953,
            2.921480840072036,
            2.910898589529097,
            2.9242571890354156,
            2.929705032147467,
            2.9149690018966794,
            2.9178625410422683,
            2.9237888110801578,
            2.924541387706995
          ],
          "warmup_updates": 5
        },
        "C48D8": {
          "data_scale": "base48",
          "depth": 8,
          "experiment_id": "C48D8",
          "includes": [
            "clip_read",
            "metadata",
            "codec_encode",
            "source_center",
            "H2D",
            "forward",
            "backward",
            "optimizer"
          ],
          "mean_batch_tokens": 68543.2,
          "measured_updates": 20,
          "p50_seconds": 3.036362323909998,
          "p90_seconds": 3.0949269765987992,
          "peak_memory_bytes": 69056185856,
          "source_mode": "conditional",
          "test_payload_opened": false,
          "wall_seconds": [
            3.062065739184618,
            3.0949269765987992,
            3.0738192135468125,
            3.110668169334531,
            3.0984366135671735,
            3.0897567719221115,
            3.086539227515459,
            3.0766871040686965,
            3.0944968666881323,
            2.772397709079087,
            3.0076598012819886,
            3.017253328114748,
            3.0154817374423146,
            3.0052900575101376,
            3.0203235559165478,
            3.0298012644052505,
            3.0095926309004426,
            3.0112809212878346,
            3.036362323909998,
            3.021592819131911
          ],
          "warmup_updates": 5
        },
        "G48": {
          "data_scale": "base48",
          "depth": 4,
          "experiment_id": "G48",
          "includes": [
            "clip_read",
            "metadata",
            "codec_encode",
            "source_center",
            "H2D",
            "forward",
            "backward",
            "optimizer"
          ],
          "mean_batch_tokens": 68543.2,
          "measured_updates": 20,
          "p50_seconds": 1.5371472053229809,
          "p90_seconds": 1.574417818337679,
          "peak_memory_bytes": 68628723200,
          "source_mode": "gaussian",
          "test_payload_opened": false,
          "wall_seconds": [
            1.557575048878789,
            1.5753160631284118,
            1.5629534358158708,
            1.5724461385980248,
            1.574417818337679,
            1.5691169807687402,
            1.5707205990329385,
            1.5665033096447587,
            1.5752549655735493,
            1.4128334540873766,
            1.5344771603122354,
            1.5332857500761747,
            1.532311168499291,
            1.5349763836711645,
            1.5364150842651725,
            1.5371472053229809,
            1.5292547037824988,
            1.5291388221085072,
            1.5336875393986702,
            1.534262659959495
          ],
          "warmup_updates": 5
        }
      },
      "schema": "pvb.dit.capacity_data.runner_profile.v1",
      "test_payload_opened": false
    },
    "status": "PARTIAL_BUDGET"
  },
  "stage": "prepare"
}
