{
  "result": {
    "contract_hash": "ce9eefe5484e8b3f51e6c5c7edb314bd991634d744b952bc051a145db3f85fbe",
    "experiments": {
      "C192": {
        "data_scale": "expanded192",
        "experiment_id": "C192",
        "reason": "expanded192 source is incomplete on this machine: 26784 selected clips are missing",
        "status": "BLOCKED_DATA",
        "test_payload_opened": false
      }
    },
    "schema": "pvb.dit.capacity_data.training.v1",
    "selected": [
      "C192"
    ],
    "status": "BLOCKED_DATA",
    "test_payload_opened": false
  },
  "stage": "train"
}
