{
  "result": {
    "contract_hash": "92752fb091ed8486f6ffba13fb6f31582986cba2526695aea174fd71a7814faf",
    "experiments": {
      "C48D8": {
        "actual_optimizer_updates": 4500,
        "cache": {
          "bytes": 0,
          "capacity_bytes": 8589934592,
          "entries": 0,
          "evictions": 0,
          "hits": 0,
          "misses": 4500,
          "mode": "disabled",
          "schema": "pvb.dit.state_detail.latent_cache.v1"
        },
        "data_scale": "base48",
        "depth": 8,
        "elapsed_wall_seconds": 17994.29550048895,
        "estimated_gpu_hours": 4.998415416802486,
        "experiment_id": "C48D8",
        "final_checkpoint": "/workspace/molvid-dit-capacity-data-v1/outputs/dit_capacity_data_v1/20260914_capacity_data_v1/C48D8/checkpoints/checkpoint_final.pt",
        "initialization_hash": "8ef5f46f8489aed211d297519a50adb2d6dfa080b0120a235b76381e9510f606",
        "last_batch_token_overshoot": 0,
        "monitor_rows": 2,
        "schedule_hash": "739e12ab41399344aae19ae0e1ca906f9a36f2b8d5b31a8346bf580df38b6b48",
        "schema": "pvb.dit.capacity_data.train_summary.v1",
        "source_mode": "conditional",
        "status": "PASS",
        "target_step_cap": 4500,
        "target_token_budget": 267988032,
        "test_payload_opened": false,
        "tokens_seen": 267988032,
        "validation_rows": 9
      }
    },
    "schema": "pvb.dit.capacity_data.training.v1",
    "selected": [
      "C48D8"
    ],
    "status": "PASS",
    "test_payload_opened": false
  },
  "stage": "train"
}
